******************************************************************************
                  TI ARM Linker PC v20.2.5                     
******************************************************************************
>> Linked Sat Oct  2 17:11:35 2021

OUTPUT FILE NAME:   <GPIO.out>
ENTRY POINT SYMBOL: "_c_int00_noinit_noargs"  address: 00000789


MEMORY CONFIGURATION

         name            origin    length      used     unused   attr    fill
----------------------  --------  ---------  --------  --------  ----  --------
  FLASH                 00000000   00040000  00000821  0003f7df  R  X
  SRAM                  20000000   00008000  00000200  00007e00  RW X


SEGMENT ALLOCATION MAP

run origin  load origin   length   init length attrs members
----------  ----------- ---------- ----------- ----- -------
00000000    00000000    00000821   00000821    r-x
  00000000    00000000    0000026c   0000026c    r-- .intvecs
  0000026c    0000026c    00000580   00000580    r-x .text
  000007ec    000007ec    00000035   00000035    r-- .const
20000000    20000000    00000200   00000000    rw-
  20000000    20000000    00000200   00000000    rw- .stack


SECTION ALLOCATION MAP

 output                                  attributes/
section   page    origin      length       input sections
--------  ----  ----------  ----------   ----------------
.intvecs   0    00000000    0000026c     
                  00000000    0000026c     tm4c123gh6pm_startup_ccs.obj (.intvecs)

.text      0    0000026c    00000580     
                  0000026c    000003a8     Port.obj (.text)
                  00000614    00000174     DIO.obj (.text)
                  00000788    0000002c     rtsv7M4_T_le_v4SPD16_eabi.lib : boot_cortex_m.c.obj (.text:_c_int00_noinit_noargs:_c_int00_noinit_noargs)
                  000007b4    00000024     main.obj (.text)
                  000007d8    0000000c     tm4c123gh6pm_startup_ccs.obj (.text)
                  000007e4    00000004     rtsv7M4_T_le_v4SPD16_eabi.lib : pre_init.c.obj (.text:_system_pre_init)
                  000007e8    00000004                                   : exit.c.obj (.text:abort:abort)

.const     0    000007ec    00000035     
                  000007ec    00000018     DIO.obj (.const:gau32PortsBaseAddressLookupTable)
                  00000804    00000018     Port.obj (.const:gau32PortsBaseAddressLookupTable)
                  0000081c    00000005     Port_Lcfg.obj (.const:astrPortConfigParameters)

.cinit     0    00000000    00000000     UNINITIALIZED

.init_array 
*          0    00000000    00000000     UNINITIALIZED

.stack     0    20000000    00000200     UNINITIALIZED
                  20000000    00000004     rtsv7M4_T_le_v4SPD16_eabi.lib : boot_cortex_m.c.obj (.stack)
                  20000004    000001fc     --HOLE--

__llvm_prf_cnts 
*          0    20000000    00000000     UNINITIALIZED

MODULE SUMMARY

       Module                         code   ro data   rw data
       ------                         ----   -------   -------
    .\
       Port.obj                       936    24        0      
       tm4c123gh6pm_startup_ccs.obj   12     620       0      
       DIO.obj                        372    24        0      
       main.obj                       36     0         0      
       Port_Lcfg.obj                  0      5         0      
    +--+------------------------------+------+---------+---------+
       Total:                         1356   673       0      
                                                              
    C:\ti\ccs1031\ccs\tools\compiler\ti-cgt-arm_20.2.5.LTS\lib\rtsv7M4_T_le_v4SPD16_eabi.lib
       boot_cortex_m.c.obj            44     0         0      
       exit.c.obj                     4      0         0      
       pre_init.c.obj                 4      0         0      
    +--+------------------------------+------+---------+---------+
       Total:                         52     0         0      
                                                              
       Stack:                         0      0         512    
    +--+------------------------------+------+---------+---------+
       Grand Total:                   1408   673       512    


GLOBAL SYMBOLS: SORTED ALPHABETICALLY BY Name 

address   name                    
-------   ----                    
000007e9  C$$EXIT                 
0000071d  DIO_FlipChannel         
00000615  DIO_ReadChannel         
000006d9  DIO_ReadPort            
0000064f  DIO_WriteChannel        
000006fb  DIO_WritePort           
0000026d  Port_Init               
000007d9  ResetISR                
20000200  __STACK_END             
00000200  __STACK_SIZE            
20000200  __STACK_TOP             
ffffffff  __TI_pprof_out_hndl     
ffffffff  __TI_prof_data_size     
ffffffff  __TI_prof_data_start    
00000000  __TI_static_base__      
ffffffff  __binit__               
ffffffff  __c_args__              
UNDEFED   __mpu_init              
20000000  __stack                 
20000000  __start___llvm_prf_cnts 
20000000  __stop___llvm_prf_cnts  
00000789  _c_int00_noinit_noargs  
000007e5  _system_pre_init        
000007e9  abort                   
0000081c  astrPortConfigParameters
ffffffff  binit                   
00000000  g_pfnVectors            
000007b5  main                    


GLOBAL SYMBOLS: SORTED BY Symbol Address 

address   name                    
-------   ----                    
00000000  __TI_static_base__      
00000000  g_pfnVectors            
00000200  __STACK_SIZE            
0000026d  Port_Init               
00000615  DIO_ReadChannel         
0000064f  DIO_WriteChannel        
000006d9  DIO_ReadPort            
000006fb  DIO_WritePort           
0000071d  DIO_FlipChannel         
00000789  _c_int00_noinit_noargs  
000007b5  main                    
000007d9  ResetISR                
000007e5  _system_pre_init        
000007e9  C$$EXIT                 
000007e9  abort                   
0000081c  astrPortConfigParameters
20000000  __stack                 
20000000  __start___llvm_prf_cnts 
20000000  __stop___llvm_prf_cnts  
20000200  __STACK_END             
20000200  __STACK_TOP             
ffffffff  __TI_pprof_out_hndl     
ffffffff  __TI_prof_data_size     
ffffffff  __TI_prof_data_start    
ffffffff  __binit__               
ffffffff  __c_args__              
ffffffff  binit                   
UNDEFED   __mpu_init              

[28 symbols]
